<span><span style="rtfcommand: rtf1;"><span><p><div style="margin-left: 24pt; rtfcommand: li480;">text</div></p></span></span></span>