<span><span style="rtfcommand: rtf1;"><span><p>
A paragraph</p>
<p>another one</p><p>
It doesn't matter if we reset the paragraph sytle a priori, it still is a paragraph</p>
</span></span></span>