<span><span style="rtfcommand: rtf1;"><span><p><span style="line-height: 24pt; rtfcommand: sl480;">text<br />text</span></p></span></span></span>