<span><span style="rtfcommand: rtf1;"><span><span> WHITESPACE	TAB
NEWLINE</span>
<span>  2WHITESPACE		2TAB

2NEWLINE</span></span></span></span>